I'm sorry, but errors were detected in your script. Please correct the
errors listed below, and try again.


The label Priscila_positiva_1_b is defined twice, at File "game/scripts/Dia3AlexandraPriscila.rpy", line 83:
label Priscila_positiva_1_b:
and File "game/scripts/Introducao.rpy", line 321:
label Priscila_positiva_1_b:


Ren'Py Version: Ren'Py 8.0.3.22090809
Mon Nov 21 18:50:05 2022
